// Jest Snapshot v1, https://goo.gl/fbAQLP

exports[`.cypressRunner calls sauce reporter and returns a job status 1`] = `
Array [
  Array [
    Object {
      "cypress": Object {
        "configFile": "fake-cypress.json",
      },
      "path": "/fake/runner/path",
      "resultsDir": "/fake/runner/__assets__",
      "suites": Array [
        Object {
          "config": Object {},
          "name": "fake-suite",
        },
      ],
    },
    "fake-suite",
    "firefox",
    Array [
      "spec-a",
      "spec-b",
    ],
    Array [],
    "Date: 1",
    "Date: 2",
  ],
]
`;

exports[`.cypressRunner can call Cypress.run with basic args 1`] = `
Array [
  Array [
    Object {
      "browser": "chrome",
      "config": Object {
        "reporter": "custom-reporter.js",
        "reporterOptions": Object {
          "mochaFile": "/fake/runner/__assets__/[suite].xml",
          "specRoot": "cypress/integration",
        },
        "screenshotsFolder": "/fake/runner/__assets__",
        "testFiles": undefined,
        "video": undefined,
        "videoCompression": false,
        "videoUploadOnPasses": false,
        "videosFolder": "/fake/runner/__assets__",
      },
      "configFile": "fake-cypress.json",
      "project": "/fake/runner",
    },
  ],
]
`;
